Details
Time:             Sat, 11 Oct 2025 00:00:00 +0200
Label:            1a2b3c4d5e6f7a8b9c0d1e2f3a4b5c6d
Action:           pass
Reason:           match
Direction:        in
Interface:        eth0
IPVersion:        6
ProtocolName:     udp
Source:           fd00:1234:5678:9abc::1
SourcePort:       63511
Destination:      fd00:1234:5678:9abc::2
DestinationPort:  53
Length:           60
Class:            0x00
Flow:             0xfd492
HopLimit:         128
DataLength:       60




position: 17/17
q: quit | hjkl: move | ud: page | gG: jump | esc: back