Error
testdata/mixed.log: invalid timestamp in `<134>12025-10-10T00:00:00+02:00opnsense.filter.log filterlog 86605 - [meta se>
testdata/mixed.log: invalid timestamp in `<134>1 2025-10-10 00:00:00 opnsense.filter.log filterlog 86605 - [meta sequen>
testdata/mixed.log: invalid timestamp in `<134>1 notavalidtimestamp opnsense.filter.log filterlog 86605 - [meta sequenc>
testdata/mixed.log: invalid csv in `<134>1 2025-10-10T00:00:00+02:00 opnsense.filter.log filterlog 86605 - 68,,,missing>
testdata/mixed.log: invalid packetfilter section in `<134>1 2025-10-10T00:00:00+02:00 opnsense.filter.log filterlog 866>
testdata/mixed.log: invalid packetfilter section in `<134>1 2025-10-10T00:00:01+02:00 opnsense.filter.log filterlog 866>
testdata/mixed.log: invalid packetfilter section in `<134>1 2025-10-10T00:00:01+02:00 opnsense.filter.log filterlog 866>
testdata/mixed.log: invalid packetfilter section in `<134>1 2025-10-10T00:00:01+02:00 opnsense.filter.log filterlog 866>
testdata/mixed.log: invalid ip version in `<134>1 2025-10-10T00:00:02+02:00 opnsense.filter.log filterlog 86605 - [meta>
position: 3/30 (limit: 1000)
q: quit | hjkl: move | ud: page | gG: jump | esc: back